// Jest Snapshot v1, https://goo.gl/fbAQLP

exports[`App snapshot renders the loading screen 1`] = `null`;

exports[`App snapshot renders the root without loading screen 1`] = `
<View
  style={
    Object {
      "backgroundColor": "#fff",
      "flex": 1,
    }
  }
>
  <View
    style={
      Object {
        "flex": 1,
        "overflow": "hidden",
      }
    }
  >
    <View
      style={
        Object {
          "flex": 1,
        }
      }
    >
      <View
        collapsable={false}
        pointerEvents="auto"
        removeClippedSubviews={false}
        style={
          Array [
            Object {
              "flex": 1,
              "overflow": "hidden",
            },
            Array [
              Object {
                "bottom": 0,
                "left": 0,
                "position": "absolute",
                "right": 0,
                "top": 0,
              },
              Object {
                "opacity": 1,
              },
            ],
          ]
        }
      >
        <View
          style={
            Object {
              "flex": 1,
            }
          }
        >
          <View
            onLayout={[Function]}
            style={
              Object {
                "flex": 1,
              }
            }
          >
            <View
              onMoveShouldSetResponder={[Function]}
              onMoveShouldSetResponderCapture={[Function]}
              onResponderEnd={[Function]}
              onResponderGrant={[Function]}
              onResponderMove={[Function]}
              onResponderReject={[Function]}
              onResponderRelease={[Function]}
              onResponderStart={[Function]}
              onResponderTerminate={[Function]}
              onResponderTerminationRequest={[Function]}
              onStartShouldSetResponder={[Function]}
              onStartShouldSetResponderCapture={[Function]}
              style={
                Array [
                  Object {
                    "flex": 1,
                    "flexDirection": "column-reverse",
                    "overflow": "hidden",
                  },
                  Object {
                    "backgroundColor": "#000",
                  },
                ]
              }
            >
              <View
                style={
                  Object {
                    "flex": 1,
                  }
                }
              >
                <View
                  accessibilityElementsHidden={false}
                  collapsable={undefined}
                  pointerEvents="auto"
                  style={
                    Object {
                      "backgroundColor": "#E9E9EF",
                      "bottom": 0,
                      "left": 0,
                      "opacity": 1,
                      "paddingTop": 64,
                      "position": "absolute",
                      "right": 0,
                      "shadowColor": "black",
                      "shadowOffset": Object {
                        "height": 0,
                        "width": 0,
                      },
                      "shadowOpacity": 0.2,
                      "shadowRadius": 5,
                      "top": 0,
                      "transform": Array [
                        Object {
                          "translateX": 0,
                        },
                        Object {
                          "translateY": 0,
                        },
                      ],
                    }
                  }
                >
                  <View
                    style={
                      Object {
                        "backgroundColor": "#fff",
                        "flex": 1,
                        "flexDirection": "column",
                      }
                    }
                  >
                    <View
                      style={
                        Object {
                          "flex": 0.15,
                        }
                      }
                    >
                      <View
                        style={
                          Object {
                            "flex": 1,
                            "flexDirection": "row",
                            "marginHorizontal": 10,
                            "maxHeight": 80,
                          }
                        }
                      >
                        <View
                          style={
                            Object {
                              "flex": 0.8,
                            }
                          }
                        >
                          <View
                            accessibilityComponentType={undefined}
                            accessibilityLabel={undefined}
                            accessibilityTraits={undefined}
                            accessible={true}
                            collapsable={undefined}
                            hasTVPreferredFocus={undefined}
                            hitSlop={undefined}
                            isTVSelectable={true}
                            nativeID={undefined}
                            onLayout={undefined}
                            onResponderGrant={[Function]}
                            onResponderMove={[Function]}
                            onResponderRelease={[Function]}
                            onResponderTerminate={[Function]}
                            onResponderTerminationRequest={[Function]}
                            onStartShouldSetResponder={[Function]}
                            style={
                              Object {
                                "backgroundColor": "transparent",
                                "borderBottomColor": "#0000001A",
                                "borderBottomWidth": 0.5,
                                "flexDirection": "row",
                                "margin": 15,
                                "marginVertical": 9,
                                "opacity": 1,
                              }
                            }
                            testID={undefined}
                            tvParallaxProperties={undefined}
                          >
                            <TextInput
                              allowFontScaling={true}
                              editable={true}
                              labelStyle={
                                Array [
                                  Array [
                                    Object {
                                      "fontSize": 15,
                                    },
                                    Object {
                                      "alignSelf": "center",
                                    },
                                    Object {
                                      "color": "#0000008e",
                                    },
                                  ],
                                  undefined,
                                ]
                              }
                              onChangeText={[Function]}
                              placeholder="Search by stop number"
                              placeholderTextColor="#0000008e"
                              style={
                                Array [
                                  Array [
                                    Object {
                                      "flex": 1,
                                    },
                                    Object {
                                      "fontSize": 15,
                                    },
                                    Object {
                                      "height": 21.299999999999997,
                                    },
                                    Object {
                                      "alignSelf": "center",
                                    },
                                    Object {
                                      "marginVertical": 18,
                                    },
                                    Object {
                                      "marginLeft": 16,
                                    },
                                    Object {
                                      "backgroundColor": "transparent",
                                    },
                                    Object {
                                      "color": "#000000dd",
                                    },
                                  ],
                                  null,
                                ]
                              }
                              underlineColorAndroid="transparent"
                              underlineWidth={0}
                              value="40318"
                            />
                          </View>
                        </View>
                        <View
                          style={
                            Object {
                              "alignItems": "center",
                              "flex": 0.2,
                              "justifyContent": "center",
                            }
                          }
                        >
                          <View
                            accessibilityComponentType={undefined}
                            accessibilityLabel={undefined}
                            accessibilityTraits={undefined}
                            accessible={true}
                            collapsable={undefined}
                            hasTVPreferredFocus={undefined}
                            hitSlop={undefined}
                            isTVSelectable={true}
                            nativeID={undefined}
                            onLayout={undefined}
                            onResponderGrant={[Function]}
                            onResponderMove={[Function]}
                            onResponderRelease={[Function]}
                            onResponderTerminate={[Function]}
                            onResponderTerminationRequest={[Function]}
                            onStartShouldSetResponder={[Function]}
                            style={
                              Object {
                                "alignItems": "center",
                                "backgroundColor": "#397edc",
                                "borderRadius": 10,
                                "flexDirection": "row",
                                "height": 50,
                                "justifyContent": "center",
                                "opacity": 1,
                                "overflow": "hidden",
                                "paddingHorizontal": 6,
                                "paddingVertical": 4,
                                "width": 70,
                              }
                            }
                            testID={undefined}
                            tvParallaxProperties={undefined}
                          >
                            <Text
                              accessible={true}
                              allowFontScaling={true}
                              ellipsizeMode="tail"
                              rkType=""
                              style={
                                Array [
                                  Array [
                                    Object {
                                      "fontSize": 15,
                                    },
                                    Object {
                                      "color": "#000000dd",
                                    },
                                    Object {
                                      "backgroundColor": "transparent",
                                    },
                                  ],
                                  Array [
                                    Array [
                                      Object {
                                        "fontSize": 12,
                                      },
                                      Object {
                                        "alignSelf": "center",
                                      },
                                      Object {
                                        "textAlign": "center",
                                      },
                                      Object {
                                        "color": "#fff",
                                      },
                                    ],
                                    null,
                                  ],
                                ]
                              }
                            >
                              Search
                            </Text>
                          </View>
                        </View>
                      </View>
                    </View>
                  </View>
                </View>
              </View>
              <View
                onLayout={[Function]}
                pointerEvents="box-none"
                style={
                  Object {
                    "left": 0,
                    "position": "absolute",
                    "right": 0,
                    "top": 0,
                  }
                }
              >
                <View
                  collapsable={undefined}
                  style={
                    Object {
                      "backgroundColor": "#2196F3",
                      "transform": Array [
                        Object {
                          "translateX": 0,
                        },
                      ],
                    }
                  }
                >
                  <View
                    collapsable={undefined}
                    onLayout={[Function]}
                    pointerEvents="box-none"
                    style={
                      Object {
                        "backgroundColor": "#2196F3",
                        "borderBottomColor": "#A7A7AA",
                        "borderBottomWidth": 0.5,
                        "height": 64,
                        "paddingBottom": 0,
                        "paddingLeft": 0,
                        "paddingRight": 0,
                        "paddingTop": 20,
                      }
                    }
                  >
                    <View
                      style={
                        Object {
                          "flex": 1,
                        }
                      }
                    >
                      <View
                        style={
                          Object {
                            "bottom": 0,
                            "flexDirection": "row",
                            "left": 0,
                            "position": "absolute",
                            "right": 0,
                            "top": 0,
                          }
                        }
                      >
                        <View
                          collapsable={undefined}
                          pointerEvents="box-none"
                          style={
                            Object {
                              "alignItems": "center",
                              "backgroundColor": "transparent",
                              "bottom": 0,
                              "flexDirection": "row",
                              "justifyContent": "center",
                              "left": 0,
                              "opacity": 1,
                              "position": "absolute",
                              "right": 0,
                              "top": 0,
                            }
                          }
                        >
                          <Text
                            accessibilityTraits="header"
                            accessible={false}
                            allowFontScaling={true}
                            collapsable={undefined}
                            ellipsizeMode="tail"
                            numberOfLines={1}
                            onLayout={[Function]}
                            style={
                              Object {
                                "color": "#fff",
                                "fontSize": 17,
                                "fontWeight": "600",
                                "marginHorizontal": 16,
                                "textAlign": "center",
                              }
                            }
                          >
                            PegBus
                          </Text>
                        </View>
                      </View>
                    </View>
                  </View>
                </View>
              </View>
            </View>
          </View>
        </View>
      </View>
    </View>
    <View
      collapsable={undefined}
      onLayout={[Function]}
      pointerEvents="box-none"
      style={
        Object {
          "backgroundColor": "#fff",
          "borderTopColor": "rgba(0, 0, 0, .3)",
          "borderTopWidth": 0.5,
          "flexDirection": "row",
          "height": 49,
          "paddingBottom": 0,
          "paddingLeft": 0,
          "paddingRight": 0,
          "paddingTop": 0,
        }
      }
    >
      <View
        accessibilityComponentType={undefined}
        accessibilityLabel="Home"
        accessibilityTraits={undefined}
        accessible={true}
        hitSlop={undefined}
        nativeID={undefined}
        onLayout={undefined}
        onResponderGrant={[Function]}
        onResponderMove={[Function]}
        onResponderRelease={[Function]}
        onResponderTerminate={[Function]}
        onResponderTerminationRequest={[Function]}
        onStartShouldSetResponder={[Function]}
        style={
          Array [
            Object {
              "alignItems": "center",
              "flex": 1,
            },
            Object {
              "backgroundColor": "transparent",
            },
            Object {
              "flexDirection": "column",
              "justifyContent": "flex-end",
            },
            undefined,
          ]
        }
        testID={undefined}
      >
        <View
          style={
            Array [
              Object {
                "height": 29,
              },
              false,
              Object {
                "flex": 1,
              },
            ]
          }
        >
          <View
            collapsable={undefined}
            style={
              Object {
                "alignItems": "center",
                "alignSelf": "center",
                "height": "100%",
                "justifyContent": "center",
                "minWidth": 25,
                "opacity": 1,
                "position": "absolute",
                "width": "100%",
              }
            }
          >
            <Text
              accessible={true}
              allowFontScaling={false}
              ellipsizeMode="tail"
              style={
                Array [
                  Object {
                    "color": "#2f95dc",
                    "fontSize": 26,
                  },
                  Object {
                    "marginBottom": -3,
                  },
                  Object {
                    "fontFamily": "ionicons",
                    "fontStyle": "normal",
                    "fontWeight": "normal",
                  },
                ]
              }
            >
              
            </Text>
          </View>
          <View
            collapsable={undefined}
            style={
              Object {
                "alignItems": "center",
                "alignSelf": "center",
                "height": "100%",
                "justifyContent": "center",
                "minWidth": 25,
                "opacity": 0,
                "position": "absolute",
                "width": "100%",
              }
            }
          >
            <Text
              accessible={true}
              allowFontScaling={false}
              ellipsizeMode="tail"
              style={
                Array [
                  Object {
                    "color": "#ccc",
                    "fontSize": 26,
                  },
                  Object {
                    "marginBottom": -3,
                  },
                  Object {
                    "fontFamily": "ionicons",
                    "fontStyle": "normal",
                    "fontWeight": "normal",
                  },
                ]
              }
            >
              
            </Text>
          </View>
        </View>
        <Text
          accessible={true}
          allowFontScaling={true}
          collapsable={undefined}
          ellipsizeMode="tail"
          numberOfLines={1}
          style={
            Object {
              "backgroundColor": "transparent",
              "color": "#3478f6",
              "fontSize": 11,
              "marginBottom": 1.5,
              "textAlign": "center",
            }
          }
        >
          Home
        </Text>
      </View>
      <View
        accessibilityComponentType={undefined}
        accessibilityLabel="Bookmark"
        accessibilityTraits={undefined}
        accessible={true}
        hitSlop={undefined}
        nativeID={undefined}
        onLayout={undefined}
        onResponderGrant={[Function]}
        onResponderMove={[Function]}
        onResponderRelease={[Function]}
        onResponderTerminate={[Function]}
        onResponderTerminationRequest={[Function]}
        onStartShouldSetResponder={[Function]}
        style={
          Array [
            Object {
              "alignItems": "center",
              "flex": 1,
            },
            Object {
              "backgroundColor": "transparent",
            },
            Object {
              "flexDirection": "column",
              "justifyContent": "flex-end",
            },
            undefined,
          ]
        }
        testID={undefined}
      >
        <View
          style={
            Array [
              Object {
                "height": 29,
              },
              false,
              Object {
                "flex": 1,
              },
            ]
          }
        >
          <View
            collapsable={undefined}
            style={
              Object {
                "alignItems": "center",
                "alignSelf": "center",
                "height": "100%",
                "justifyContent": "center",
                "minWidth": 25,
                "opacity": 0,
                "position": "absolute",
                "width": "100%",
              }
            }
          >
            <Text
              accessible={true}
              allowFontScaling={false}
              ellipsizeMode="tail"
              style={
                Array [
                  Object {
                    "color": "#2f95dc",
                    "fontSize": 26,
                  },
                  Object {
                    "marginBottom": -3,
                  },
                  Object {
                    "fontFamily": "ionicons",
                    "fontStyle": "normal",
                    "fontWeight": "normal",
                  },
                ]
              }
            >
              
            </Text>
          </View>
          <View
            collapsable={undefined}
            style={
              Object {
                "alignItems": "center",
                "alignSelf": "center",
                "height": "100%",
                "justifyContent": "center",
                "minWidth": 25,
                "opacity": 1,
                "position": "absolute",
                "width": "100%",
              }
            }
          >
            <Text
              accessible={true}
              allowFontScaling={false}
              ellipsizeMode="tail"
              style={
                Array [
                  Object {
                    "color": "#ccc",
                    "fontSize": 26,
                  },
                  Object {
                    "marginBottom": -3,
                  },
                  Object {
                    "fontFamily": "ionicons",
                    "fontStyle": "normal",
                    "fontWeight": "normal",
                  },
                ]
              }
            >
              
            </Text>
          </View>
        </View>
        <Text
          accessible={true}
          allowFontScaling={true}
          collapsable={undefined}
          ellipsizeMode="tail"
          numberOfLines={1}
          style={
            Object {
              "backgroundColor": "transparent",
              "color": "#929292",
              "fontSize": 11,
              "marginBottom": 1.5,
              "textAlign": "center",
            }
          }
        >
          Bookmark
        </Text>
      </View>
    </View>
  </View>
</View>
`;
